// Jest Snapshot v1, https://goo.gl/fbAQLP

exports[`test NewArrivalCollections test render correctly should render correctly when products is [] 1`] = `
<View
  style={
    Object {
      "flex": 1,
    }
  }
>
  <View
    style={
      Array [
        Object {
          "justifyContent": "center",
          "marginBottom": 22,
          "marginTop": 48,
        },
        undefined,
      ]
    }
  >
    <View
      style={
        Object {
          "alignItems": "center",
          "flexDirection": "row",
          "justifyContent": "center",
        }
      }
    >
      <View
        style={
          Object {
            "backgroundColor": "#eee",
            "height": 1,
            "width": 27,
          }
        }
      />
      <Text
        style={
          Object {
            "color": "#000",
            "fontSize": 16,
            "fontWeight": "100",
            "letterSpacing": 1,
            "marginHorizontal": 10,
          }
        }
      >
        test
      </Text>
      <View
        style={
          Object {
            "backgroundColor": "#eee",
            "height": 1,
            "width": 27,
          }
        }
      />
    </View>
    <View
      style={
        Object {
          "alignItems": "center",
          "marginTop": 8,
        }
      }
    >
      <Text
        style={
          Object {
            "color": "#999",
            "fontSize": 8,
            "fontWeight": "500",
            "letterSpacing": 5,
          }
        }
      >
        test
      </Text>
    </View>
  </View>
  <View
    style={
      Object {
        "flexDirection": "row",
        "flexWrap": "wrap",
        "paddingLeft": 16,
      }
    }
  />
  <View
    accessible={true}
    isTVSelectable={true}
    onResponderGrant={[Function]}
    onResponderMove={[Function]}
    onResponderRelease={[Function]}
    onResponderTerminate={[Function]}
    onResponderTerminationRequest={[Function]}
    onStartShouldSetResponder={[Function]}
    style={
      Object {
        "alignItems": "center",
        "opacity": 1,
      }
    }
    testID="test-show-more"
  >
    <View
      style={
        Object {
          "alignItems": "center",
          "flex": 1,
          "flexDirection": "row",
          "justifyContent": "center",
        }
      }
    >
      <Text
        style={
          Object {
            "color": "#999",
            "fontSize": 12,
            "fontWeight": "400",
            "letterSpacing": 5,
          }
        }
      >
        MORE
      </Text>
      <Text
        allowFontScaling={false}
        style={
          Array [
            Object {
              "color": undefined,
              "fontSize": 18,
            },
            Object {
              "color": "#999",
              "marginLeft": 10,
              "marginTop": 4,
            },
            Object {
              "fontFamily": "Ionicons",
              "fontStyle": "normal",
              "fontWeight": "normal",
            },
            Object {},
          ]
        }
      >
        ïŠ„
      </Text>
    </View>
  </View>
</View>
`;
